// Jest Snapshot v1, https://goo.gl/fbAQLP

exports[`Header renders correctly 1`] = `
<header
  css={
    Object {
      "map": undefined,
      "name": "xvi3ds",
      "next": undefined,
      "styles": "
      background: black;
      margin-bottom: 1.45rem;
    ",
      "toString": [Function],
    }
  }
>
  <div
    css={
      Object {
        "map": undefined,
        "name": "1qla906",
        "next": undefined,
        "styles": "
        margin: 0 auto;
        maxwidth: 960px;
        padding: 1.45rem 1.0875rem;
      ",
        "toString": [Function],
      }
    }
  >
    <h1
      style={
        Object {
          "margin": 0,
        }
      }
    >
      <a
        aria-current="page"
        className=""
        href="/"
        onClick={[Function]}
        onMouseEnter={[Function]}
        style={
          Object {
            "color": "white",
            "textDecoration": "none",
          }
        }
      >
        Default Starter
      </a>
    </h1>
  </div>
</header>
`;
